[probe_seed] 12345 (configured_fixed)
[embed] hugo_alpha0p001
[embed] hugo_alpha0p0025
[embed] hugo_alpha0p005
[embed] hugo_alpha0p01
[embed] hugo_alpha0p02
[embed] hugo_alpha0p03
[embed] hugo_alpha0p05
[embed] hugo_alpha0p1
[embed] hugo_alpha0p2
[embed] hugo_alpha0p5
[embed] mipod_alpha0p001
/Library/Frameworks/Python.framework/Versions/3.11/lib/python3.11/site-packages/conseal/mipod/_defs.py:79: UserWarning: invalid variance in flat areas, clipping
  warnings.warn('invalid variance in flat areas, clipping')
/Library/Frameworks/Python.framework/Versions/3.11/lib/python3.11/site-packages/conseal/mipod/_defs.py:79: UserWarning: invalid variance in flat areas, clipping
  warnings.warn('invalid variance in flat areas, clipping')
/Library/Frameworks/Python.framework/Versions/3.11/lib/python3.11/site-packages/conseal/mipod/_defs.py:79: UserWarning: invalid variance in flat areas, clipping
  warnings.warn('invalid variance in flat areas, clipping')
/Library/Frameworks/Python.framework/Versions/3.11/lib/python3.11/site-packages/conseal/mipod/_defs.py:79: UserWarning: invalid variance in flat areas, clipping
  warnings.warn('invalid variance in flat areas, clipping')
/Library/Frameworks/Python.framework/Versions/3.11/lib/python3.11/site-packages/conseal/mipod/_defs.py:79: UserWarning: invalid variance in flat areas, clipping
  warnings.warn('invalid variance in flat areas, clipping')
/Library/Frameworks/Python.framework/Versions/3.11/lib/python3.11/site-packages/conseal/mipod/_defs.py:79: UserWarning: invalid variance in flat areas, clipping
  warnings.warn('invalid variance in flat areas, clipping')
/Library/Frameworks/Python.framework/Versions/3.11/lib/python3.11/site-packages/conseal/mipod/_defs.py:79: UserWarning: invalid variance in flat areas, clipping
  warnings.warn('invalid variance in flat areas, clipping')
/Library/Frameworks/Python.framework/Versions/3.11/lib/python3.11/site-packages/conseal/mipod/_defs.py:79: UserWarning: invalid variance in flat areas, clipping
  warnings.warn('invalid variance in flat areas, clipping')
[embed] mipod_alpha0p0025
/Library/Frameworks/Python.framework/Versions/3.11/lib/python3.11/site-packages/conseal/mipod/_defs.py:79: UserWarning: invalid variance in flat areas, clipping
  warnings.warn('invalid variance in flat areas, clipping')
/Library/Frameworks/Python.framework/Versions/3.11/lib/python3.11/site-packages/conseal/mipod/_defs.py:79: UserWarning: invalid variance in flat areas, clipping
  warnings.warn('invalid variance in flat areas, clipping')
/Library/Frameworks/Python.framework/Versions/3.11/lib/python3.11/site-packages/conseal/mipod/_defs.py:79: UserWarning: invalid variance in flat areas, clipping
  warnings.warn('invalid variance in flat areas, clipping')
/Library/Frameworks/Python.framework/Versions/3.11/lib/python3.11/site-packages/conseal/mipod/_defs.py:79: UserWarning: invalid variance in flat areas, clipping
  warnings.warn('invalid variance in flat areas, clipping')
/Library/Frameworks/Python.framework/Versions/3.11/lib/python3.11/site-packages/conseal/mipod/_defs.py:79: UserWarning: invalid variance in flat areas, clipping
  warnings.warn('invalid variance in flat areas, clipping')
/Library/Frameworks/Python.framework/Versions/3.11/lib/python3.11/site-packages/conseal/mipod/_defs.py:79: UserWarning: invalid variance in flat areas, clipping
  warnings.warn('invalid variance in flat areas, clipping')
/Library/Frameworks/Python.framework/Versions/3.11/lib/python3.11/site-packages/conseal/mipod/_defs.py:79: UserWarning: invalid variance in flat areas, clipping
  warnings.warn('invalid variance in flat areas, clipping')
/Library/Frameworks/Python.framework/Versions/3.11/lib/python3.11/site-packages/conseal/mipod/_defs.py:79: UserWarning: invalid variance in flat areas, clipping
  warnings.warn('invalid variance in flat areas, clipping')
[embed] mipod_alpha0p005
/Library/Frameworks/Python.framework/Versions/3.11/lib/python3.11/site-packages/conseal/mipod/_defs.py:79: UserWarning: invalid variance in flat areas, clipping
  warnings.warn('invalid variance in flat areas, clipping')
/Library/Frameworks/Python.framework/Versions/3.11/lib/python3.11/site-packages/conseal/mipod/_defs.py:79: UserWarning: invalid variance in flat areas, clipping
  warnings.warn('invalid variance in flat areas, clipping')
/Library/Frameworks/Python.framework/Versions/3.11/lib/python3.11/site-packages/conseal/mipod/_defs.py:79: UserWarning: invalid variance in flat areas, clipping
  warnings.warn('invalid variance in flat areas, clipping')
/Library/Frameworks/Python.framework/Versions/3.11/lib/python3.11/site-packages/conseal/mipod/_defs.py:79: UserWarning: invalid variance in flat areas, clipping
  warnings.warn('invalid variance in flat areas, clipping')
/Library/Frameworks/Python.framework/Versions/3.11/lib/python3.11/site-packages/conseal/mipod/_defs.py:79: UserWarning: invalid variance in flat areas, clipping
  warnings.warn('invalid variance in flat areas, clipping')
/Library/Frameworks/Python.framework/Versions/3.11/lib/python3.11/site-packages/conseal/mipod/_defs.py:79: UserWarning: invalid variance in flat areas, clipping
  warnings.warn('invalid variance in flat areas, clipping')
/Library/Frameworks/Python.framework/Versions/3.11/lib/python3.11/site-packages/conseal/mipod/_defs.py:79: UserWarning: invalid variance in flat areas, clipping
  warnings.warn('invalid variance in flat areas, clipping')
/Library/Frameworks/Python.framework/Versions/3.11/lib/python3.11/site-packages/conseal/mipod/_defs.py:79: UserWarning: invalid variance in flat areas, clipping
  warnings.warn('invalid variance in flat areas, clipping')
[embed] mipod_alpha0p01
/Library/Frameworks/Python.framework/Versions/3.11/lib/python3.11/site-packages/conseal/mipod/_defs.py:79: UserWarning: invalid variance in flat areas, clipping
  warnings.warn('invalid variance in flat areas, clipping')
/Library/Frameworks/Python.framework/Versions/3.11/lib/python3.11/site-packages/conseal/mipod/_defs.py:79: UserWarning: invalid variance in flat areas, clipping
  warnings.warn('invalid variance in flat areas, clipping')
/Library/Frameworks/Python.framework/Versions/3.11/lib/python3.11/site-packages/conseal/mipod/_defs.py:79: UserWarning: invalid variance in flat areas, clipping
  warnings.warn('invalid variance in flat areas, clipping')
/Library/Frameworks/Python.framework/Versions/3.11/lib/python3.11/site-packages/conseal/mipod/_defs.py:79: UserWarning: invalid variance in flat areas, clipping
  warnings.warn('invalid variance in flat areas, clipping')
/Library/Frameworks/Python.framework/Versions/3.11/lib/python3.11/site-packages/conseal/mipod/_defs.py:79: UserWarning: invalid variance in flat areas, clipping
  warnings.warn('invalid variance in flat areas, clipping')
/Library/Frameworks/Python.framework/Versions/3.11/lib/python3.11/site-packages/conseal/mipod/_defs.py:79: UserWarning: invalid variance in flat areas, clipping
  warnings.warn('invalid variance in flat areas, clipping')
/Library/Frameworks/Python.framework/Versions/3.11/lib/python3.11/site-packages/conseal/mipod/_defs.py:79: UserWarning: invalid variance in flat areas, clipping
  warnings.warn('invalid variance in flat areas, clipping')
/Library/Frameworks/Python.framework/Versions/3.11/lib/python3.11/site-packages/conseal/mipod/_defs.py:79: UserWarning: invalid variance in flat areas, clipping
  warnings.warn('invalid variance in flat areas, clipping')
[embed] mipod_alpha0p02
/Library/Frameworks/Python.framework/Versions/3.11/lib/python3.11/site-packages/conseal/mipod/_defs.py:79: UserWarning: invalid variance in flat areas, clipping
  warnings.warn('invalid variance in flat areas, clipping')
/Library/Frameworks/Python.framework/Versions/3.11/lib/python3.11/site-packages/conseal/mipod/_defs.py:79: UserWarning: invalid variance in flat areas, clipping
  warnings.warn('invalid variance in flat areas, clipping')
/Library/Frameworks/Python.framework/Versions/3.11/lib/python3.11/site-packages/conseal/mipod/_defs.py:79: UserWarning: invalid variance in flat areas, clipping
  warnings.warn('invalid variance in flat areas, clipping')
/Library/Frameworks/Python.framework/Versions/3.11/lib/python3.11/site-packages/conseal/mipod/_defs.py:79: UserWarning: invalid variance in flat areas, clipping
  warnings.warn('invalid variance in flat areas, clipping')
/Library/Frameworks/Python.framework/Versions/3.11/lib/python3.11/site-packages/conseal/mipod/_defs.py:79: UserWarning: invalid variance in flat areas, clipping
  warnings.warn('invalid variance in flat areas, clipping')
/Library/Frameworks/Python.framework/Versions/3.11/lib/python3.11/site-packages/conseal/mipod/_defs.py:79: UserWarning: invalid variance in flat areas, clipping
  warnings.warn('invalid variance in flat areas, clipping')
/Library/Frameworks/Python.framework/Versions/3.11/lib/python3.11/site-packages/conseal/mipod/_defs.py:79: UserWarning: invalid variance in flat areas, clipping
  warnings.warn('invalid variance in flat areas, clipping')
/Library/Frameworks/Python.framework/Versions/3.11/lib/python3.11/site-packages/conseal/mipod/_defs.py:79: UserWarning: invalid variance in flat areas, clipping
  warnings.warn('invalid variance in flat areas, clipping')
[embed] mipod_alpha0p03
/Library/Frameworks/Python.framework/Versions/3.11/lib/python3.11/site-packages/conseal/mipod/_defs.py:79: UserWarning: invalid variance in flat areas, clipping
  warnings.warn('invalid variance in flat areas, clipping')
/Library/Frameworks/Python.framework/Versions/3.11/lib/python3.11/site-packages/conseal/mipod/_defs.py:79: UserWarning: invalid variance in flat areas, clipping
  warnings.warn('invalid variance in flat areas, clipping')
/Library/Frameworks/Python.framework/Versions/3.11/lib/python3.11/site-packages/conseal/mipod/_defs.py:79: UserWarning: invalid variance in flat areas, clipping
  warnings.warn('invalid variance in flat areas, clipping')
/Library/Frameworks/Python.framework/Versions/3.11/lib/python3.11/site-packages/conseal/mipod/_defs.py:79: UserWarning: invalid variance in flat areas, clipping
  warnings.warn('invalid variance in flat areas, clipping')
/Library/Frameworks/Python.framework/Versions/3.11/lib/python3.11/site-packages/conseal/mipod/_defs.py:79: UserWarning: invalid variance in flat areas, clipping
  warnings.warn('invalid variance in flat areas, clipping')
/Library/Frameworks/Python.framework/Versions/3.11/lib/python3.11/site-packages/conseal/mipod/_defs.py:79: UserWarning: invalid variance in flat areas, clipping
  warnings.warn('invalid variance in flat areas, clipping')
/Library/Frameworks/Python.framework/Versions/3.11/lib/python3.11/site-packages/conseal/mipod/_defs.py:79: UserWarning: invalid variance in flat areas, clipping
  warnings.warn('invalid variance in flat areas, clipping')
/Library/Frameworks/Python.framework/Versions/3.11/lib/python3.11/site-packages/conseal/mipod/_defs.py:79: UserWarning: invalid variance in flat areas, clipping
  warnings.warn('invalid variance in flat areas, clipping')
[embed] mipod_alpha0p05
/Library/Frameworks/Python.framework/Versions/3.11/lib/python3.11/site-packages/conseal/mipod/_defs.py:79: UserWarning: invalid variance in flat areas, clipping
  warnings.warn('invalid variance in flat areas, clipping')
/Library/Frameworks/Python.framework/Versions/3.11/lib/python3.11/site-packages/conseal/mipod/_defs.py:79: UserWarning: invalid variance in flat areas, clipping
  warnings.warn('invalid variance in flat areas, clipping')
/Library/Frameworks/Python.framework/Versions/3.11/lib/python3.11/site-packages/conseal/mipod/_defs.py:79: UserWarning: invalid variance in flat areas, clipping
  warnings.warn('invalid variance in flat areas, clipping')
/Library/Frameworks/Python.framework/Versions/3.11/lib/python3.11/site-packages/conseal/mipod/_defs.py:79: UserWarning: invalid variance in flat areas, clipping
  warnings.warn('invalid variance in flat areas, clipping')
/Library/Frameworks/Python.framework/Versions/3.11/lib/python3.11/site-packages/conseal/mipod/_defs.py:79: UserWarning: invalid variance in flat areas, clipping
  warnings.warn('invalid variance in flat areas, clipping')
/Library/Frameworks/Python.framework/Versions/3.11/lib/python3.11/site-packages/conseal/mipod/_defs.py:79: UserWarning: invalid variance in flat areas, clipping
  warnings.warn('invalid variance in flat areas, clipping')
/Library/Frameworks/Python.framework/Versions/3.11/lib/python3.11/site-packages/conseal/mipod/_defs.py:79: UserWarning: invalid variance in flat areas, clipping
  warnings.warn('invalid variance in flat areas, clipping')
/Library/Frameworks/Python.framework/Versions/3.11/lib/python3.11/site-packages/conseal/mipod/_defs.py:79: UserWarning: invalid variance in flat areas, clipping
  warnings.warn('invalid variance in flat areas, clipping')
[embed] mipod_alpha0p1
/Library/Frameworks/Python.framework/Versions/3.11/lib/python3.11/site-packages/conseal/mipod/_defs.py:79: UserWarning: invalid variance in flat areas, clipping
  warnings.warn('invalid variance in flat areas, clipping')
/Library/Frameworks/Python.framework/Versions/3.11/lib/python3.11/site-packages/conseal/mipod/_defs.py:79: UserWarning: invalid variance in flat areas, clipping
  warnings.warn('invalid variance in flat areas, clipping')
/Library/Frameworks/Python.framework/Versions/3.11/lib/python3.11/site-packages/conseal/mipod/_defs.py:79: UserWarning: invalid variance in flat areas, clipping
  warnings.warn('invalid variance in flat areas, clipping')
/Library/Frameworks/Python.framework/Versions/3.11/lib/python3.11/site-packages/conseal/mipod/_defs.py:79: UserWarning: invalid variance in flat areas, clipping
  warnings.warn('invalid variance in flat areas, clipping')
/Library/Frameworks/Python.framework/Versions/3.11/lib/python3.11/site-packages/conseal/mipod/_defs.py:79: UserWarning: invalid variance in flat areas, clipping
  warnings.warn('invalid variance in flat areas, clipping')
/Library/Frameworks/Python.framework/Versions/3.11/lib/python3.11/site-packages/conseal/mipod/_defs.py:79: UserWarning: invalid variance in flat areas, clipping
  warnings.warn('invalid variance in flat areas, clipping')
/Library/Frameworks/Python.framework/Versions/3.11/lib/python3.11/site-packages/conseal/mipod/_defs.py:79: UserWarning: invalid variance in flat areas, clipping
  warnings.warn('invalid variance in flat areas, clipping')
/Library/Frameworks/Python.framework/Versions/3.11/lib/python3.11/site-packages/conseal/mipod/_defs.py:79: UserWarning: invalid variance in flat areas, clipping
  warnings.warn('invalid variance in flat areas, clipping')
[embed] mipod_alpha0p2
/Library/Frameworks/Python.framework/Versions/3.11/lib/python3.11/site-packages/conseal/mipod/_defs.py:79: UserWarning: invalid variance in flat areas, clipping
  warnings.warn('invalid variance in flat areas, clipping')
/Library/Frameworks/Python.framework/Versions/3.11/lib/python3.11/site-packages/conseal/mipod/_defs.py:79: UserWarning: invalid variance in flat areas, clipping
  warnings.warn('invalid variance in flat areas, clipping')
/Library/Frameworks/Python.framework/Versions/3.11/lib/python3.11/site-packages/conseal/mipod/_defs.py:79: UserWarning: invalid variance in flat areas, clipping
  warnings.warn('invalid variance in flat areas, clipping')
/Library/Frameworks/Python.framework/Versions/3.11/lib/python3.11/site-packages/conseal/mipod/_defs.py:79: UserWarning: invalid variance in flat areas, clipping
  warnings.warn('invalid variance in flat areas, clipping')
/Library/Frameworks/Python.framework/Versions/3.11/lib/python3.11/site-packages/conseal/mipod/_defs.py:79: UserWarning: invalid variance in flat areas, clipping
  warnings.warn('invalid variance in flat areas, clipping')
/Library/Frameworks/Python.framework/Versions/3.11/lib/python3.11/site-packages/conseal/mipod/_defs.py:79: UserWarning: invalid variance in flat areas, clipping
  warnings.warn('invalid variance in flat areas, clipping')
/Library/Frameworks/Python.framework/Versions/3.11/lib/python3.11/site-packages/conseal/mipod/_defs.py:79: UserWarning: invalid variance in flat areas, clipping
  warnings.warn('invalid variance in flat areas, clipping')
/Library/Frameworks/Python.framework/Versions/3.11/lib/python3.11/site-packages/conseal/mipod/_defs.py:79: UserWarning: invalid variance in flat areas, clipping
  warnings.warn('invalid variance in flat areas, clipping')
[embed] mipod_alpha0p5
/Library/Frameworks/Python.framework/Versions/3.11/lib/python3.11/site-packages/conseal/mipod/_defs.py:79: UserWarning: invalid variance in flat areas, clipping
  warnings.warn('invalid variance in flat areas, clipping')
/Library/Frameworks/Python.framework/Versions/3.11/lib/python3.11/site-packages/conseal/mipod/_defs.py:79: UserWarning: invalid variance in flat areas, clipping
  warnings.warn('invalid variance in flat areas, clipping')
/Library/Frameworks/Python.framework/Versions/3.11/lib/python3.11/site-packages/conseal/mipod/_defs.py:79: UserWarning: invalid variance in flat areas, clipping
  warnings.warn('invalid variance in flat areas, clipping')
/Library/Frameworks/Python.framework/Versions/3.11/lib/python3.11/site-packages/conseal/mipod/_defs.py:79: UserWarning: invalid variance in flat areas, clipping
  warnings.warn('invalid variance in flat areas, clipping')
/Library/Frameworks/Python.framework/Versions/3.11/lib/python3.11/site-packages/conseal/mipod/_defs.py:79: UserWarning: invalid variance in flat areas, clipping
  warnings.warn('invalid variance in flat areas, clipping')
/Library/Frameworks/Python.framework/Versions/3.11/lib/python3.11/site-packages/conseal/mipod/_defs.py:79: UserWarning: invalid variance in flat areas, clipping
  warnings.warn('invalid variance in flat areas, clipping')
/Library/Frameworks/Python.framework/Versions/3.11/lib/python3.11/site-packages/conseal/mipod/_defs.py:79: UserWarning: invalid variance in flat areas, clipping
  warnings.warn('invalid variance in flat areas, clipping')
/Library/Frameworks/Python.framework/Versions/3.11/lib/python3.11/site-packages/conseal/mipod/_defs.py:79: UserWarning: invalid variance in flat areas, clipping
  warnings.warn('invalid variance in flat areas, clipping')
[embed] suniward_alpha0p001
[embed] suniward_alpha0p0025
[embed] suniward_alpha0p005
[embed] suniward_alpha0p01
[embed] suniward_alpha0p02
[embed] suniward_alpha0p03
[embed] suniward_alpha0p05
[embed] suniward_alpha0p1
[embed] suniward_alpha0p2
[embed] suniward_alpha0p5
Wrote 270000 raw rows to /Users/pavloyatsura/Documents/phd/blind_steganalysis/experiments/dessert2026/probing_texture_energy/probe_raw.csv
Wrote 270 summary rows to /Users/pavloyatsura/Documents/phd/blind_steganalysis/experiments/dessert2026/probing_texture_energy/probe_summary.csv
