[probe_seed] 12345 (configured_fixed)
[embed] hugo_alpha0p001
[embed] hugo_alpha0p0025
[embed] hugo_alpha0p005
[embed] hugo_alpha0p01
[embed] hugo_alpha0p02
[embed] hugo_alpha0p03
[embed] hugo_alpha0p05
[embed] hugo_alpha0p1
[embed] hugo_alpha0p2
[embed] hugo_alpha0p5
[embed] mipod_alpha0p001
/Library/Frameworks/Python.framework/Versions/3.11/lib/python3.11/site-packages/conseal/mipod/_defs.py:79: UserWarning: invalid variance in flat areas, clipping
  warnings.warn('invalid variance in flat areas, clipping')
/Library/Frameworks/Python.framework/Versions/3.11/lib/python3.11/site-packages/conseal/mipod/_defs.py:79: UserWarning: invalid variance in flat areas, clipping
  warnings.warn('invalid variance in flat areas, clipping')
/Library/Frameworks/Python.framework/Versions/3.11/lib/python3.11/site-packages/conseal/mipod/_defs.py:79: UserWarning: invalid variance in flat areas, clipping
  warnings.warn('invalid variance in flat areas, clipping')
/Library/Frameworks/Python.framework/Versions/3.11/lib/python3.11/site-packages/conseal/mipod/_defs.py:79: UserWarning: invalid variance in flat areas, clipping
  warnings.warn('invalid variance in flat areas, clipping')
/Library/Frameworks/Python.framework/Versions/3.11/lib/python3.11/site-packages/conseal/mipod/_defs.py:79: UserWarning: invalid variance in flat areas, clipping
  warnings.warn('invalid variance in flat areas, clipping')
/Library/Frameworks/Python.framework/Versions/3.11/lib/python3.11/site-packages/conseal/mipod/_defs.py:79: UserWarning: invalid variance in flat areas, clipping
  warnings.warn('invalid variance in flat areas, clipping')
/Library/Frameworks/Python.framework/Versions/3.11/lib/python3.11/site-packages/conseal/mipod/_defs.py:79: UserWarning: invalid variance in flat areas, clipping
  warnings.warn('invalid variance in flat areas, clipping')
/Library/Frameworks/Python.framework/Versions/3.11/lib/python3.11/site-packages/conseal/mipod/_defs.py:79: UserWarning: invalid variance in flat areas, clipping
  warnings.warn('invalid variance in flat areas, clipping')
[embed] mipod_alpha0p0025
/Library/Frameworks/Python.framework/Versions/3.11/lib/python3.11/site-packages/conseal/mipod/_defs.py:79: UserWarning: invalid variance in flat areas, clipping
  warnings.warn('invalid variance in flat areas, clipping')
/Library/Frameworks/Python.framework/Versions/3.11/lib/python3.11/site-packages/conseal/mipod/_defs.py:79: UserWarning: invalid variance in flat areas, clipping
  warnings.warn('invalid variance in flat areas, clipping')
/Library/Frameworks/Python.framework/Versions/3.11/lib/python3.11/site-packages/conseal/mipod/_defs.py:79: UserWarning: invalid variance in flat areas, clipping
  warnings.warn('invalid variance in flat areas, clipping')
/Library/Frameworks/Python.framework/Versions/3.11/lib/python3.11/site-packages/conseal/mipod/_defs.py:79: UserWarning: invalid variance in flat areas, clipping
  warnings.warn('invalid variance in flat areas, clipping')
/Library/Frameworks/Python.framework/Versions/3.11/lib/python3.11/site-packages/conseal/mipod/_defs.py:79: UserWarning: invalid variance in flat areas, clipping
  warnings.warn('invalid variance in flat areas, clipping')
/Library/Frameworks/Python.framework/Versions/3.11/lib/python3.11/site-packages/conseal/mipod/_defs.py:79: UserWarning: invalid variance in flat areas, clipping
  warnings.warn('invalid variance in flat areas, clipping')
/Library/Frameworks/Python.framework/Versions/3.11/lib/python3.11/site-packages/conseal/mipod/_defs.py:79: UserWarning: invalid variance in flat areas, clipping
  warnings.warn('invalid variance in flat areas, clipping')
/Library/Frameworks/Python.framework/Versions/3.11/lib/python3.11/site-packages/conseal/mipod/_defs.py:79: UserWarning: invalid variance in flat areas, clipping
  warnings.warn('invalid variance in flat areas, clipping')
[embed] mipod_alpha0p005
/Library/Frameworks/Python.framework/Versions/3.11/lib/python3.11/site-packages/conseal/mipod/_defs.py:79: UserWarning: invalid variance in flat areas, clipping
  warnings.warn('invalid variance in flat areas, clipping')
/Library/Frameworks/Python.framework/Versions/3.11/lib/python3.11/site-packages/conseal/mipod/_defs.py:79: UserWarning: invalid variance in flat areas, clipping
  warnings.warn('invalid variance in flat areas, clipping')
/Library/Frameworks/Python.framework/Versions/3.11/lib/python3.11/site-packages/conseal/mipod/_defs.py:79: UserWarning: invalid variance in flat areas, clipping
  warnings.warn('invalid variance in flat areas, clipping')
/Library/Frameworks/Python.framework/Versions/3.11/lib/python3.11/site-packages/conseal/mipod/_defs.py:79: UserWarning: invalid variance in flat areas, clipping
  warnings.warn('invalid variance in flat areas, clipping')
/Library/Frameworks/Python.framework/Versions/3.11/lib/python3.11/site-packages/conseal/mipod/_defs.py:79: UserWarning: invalid variance in flat areas, clipping
  warnings.warn('invalid variance in flat areas, clipping')
/Library/Frameworks/Python.framework/Versions/3.11/lib/python3.11/site-packages/conseal/mipod/_defs.py:79: UserWarning: invalid variance in flat areas, clipping
  warnings.warn('invalid variance in flat areas, clipping')
/Library/Frameworks/Python.framework/Versions/3.11/lib/python3.11/site-packages/conseal/mipod/_defs.py:79: UserWarning: invalid variance in flat areas, clipping
  warnings.warn('invalid variance in flat areas, clipping')
/Library/Frameworks/Python.framework/Versions/3.11/lib/python3.11/site-packages/conseal/mipod/_defs.py:79: UserWarning: invalid variance in flat areas, clipping
  warnings.warn('invalid variance in flat areas, clipping')
[embed] mipod_alpha0p01
/Library/Frameworks/Python.framework/Versions/3.11/lib/python3.11/site-packages/conseal/mipod/_defs.py:79: UserWarning: invalid variance in flat areas, clipping
  warnings.warn('invalid variance in flat areas, clipping')
/Library/Frameworks/Python.framework/Versions/3.11/lib/python3.11/site-packages/conseal/mipod/_defs.py:79: UserWarning: invalid variance in flat areas, clipping
  warnings.warn('invalid variance in flat areas, clipping')
/Library/Frameworks/Python.framework/Versions/3.11/lib/python3.11/site-packages/conseal/mipod/_defs.py:79: UserWarning: invalid variance in flat areas, clipping
  warnings.warn('invalid variance in flat areas, clipping')
/Library/Frameworks/Python.framework/Versions/3.11/lib/python3.11/site-packages/conseal/mipod/_defs.py:79: UserWarning: invalid variance in flat areas, clipping
  warnings.warn('invalid variance in flat areas, clipping')
/Library/Frameworks/Python.framework/Versions/3.11/lib/python3.11/site-packages/conseal/mipod/_defs.py:79: UserWarning: invalid variance in flat areas, clipping
  warnings.warn('invalid variance in flat areas, clipping')
/Library/Frameworks/Python.framework/Versions/3.11/lib/python3.11/site-packages/conseal/mipod/_defs.py:79: UserWarning: invalid variance in flat areas, clipping
  warnings.warn('invalid variance in flat areas, clipping')
/Library/Frameworks/Python.framework/Versions/3.11/lib/python3.11/site-packages/conseal/mipod/_defs.py:79: UserWarning: invalid variance in flat areas, clipping
  warnings.warn('invalid variance in flat areas, clipping')
/Library/Frameworks/Python.framework/Versions/3.11/lib/python3.11/site-packages/conseal/mipod/_defs.py:79: UserWarning: invalid variance in flat areas, clipping
  warnings.warn('invalid variance in flat areas, clipping')
[embed] mipod_alpha0p02
/Library/Frameworks/Python.framework/Versions/3.11/lib/python3.11/site-packages/conseal/mipod/_defs.py:79: UserWarning: invalid variance in flat areas, clipping
  warnings.warn('invalid variance in flat areas, clipping')
/Library/Frameworks/Python.framework/Versions/3.11/lib/python3.11/site-packages/conseal/mipod/_defs.py:79: UserWarning: invalid variance in flat areas, clipping
  warnings.warn('invalid variance in flat areas, clipping')
/Library/Frameworks/Python.framework/Versions/3.11/lib/python3.11/site-packages/conseal/mipod/_defs.py:79: UserWarning: invalid variance in flat areas, clipping
  warnings.warn('invalid variance in flat areas, clipping')
/Library/Frameworks/Python.framework/Versions/3.11/lib/python3.11/site-packages/conseal/mipod/_defs.py:79: UserWarning: invalid variance in flat areas, clipping
  warnings.warn('invalid variance in flat areas, clipping')
/Library/Frameworks/Python.framework/Versions/3.11/lib/python3.11/site-packages/conseal/mipod/_defs.py:79: UserWarning: invalid variance in flat areas, clipping
  warnings.warn('invalid variance in flat areas, clipping')
/Library/Frameworks/Python.framework/Versions/3.11/lib/python3.11/site-packages/conseal/mipod/_defs.py:79: UserWarning: invalid variance in flat areas, clipping
  warnings.warn('invalid variance in flat areas, clipping')
/Library/Frameworks/Python.framework/Versions/3.11/lib/python3.11/site-packages/conseal/mipod/_defs.py:79: UserWarning: invalid variance in flat areas, clipping
  warnings.warn('invalid variance in flat areas, clipping')
/Library/Frameworks/Python.framework/Versions/3.11/lib/python3.11/site-packages/conseal/mipod/_defs.py:79: UserWarning: invalid variance in flat areas, clipping
  warnings.warn('invalid variance in flat areas, clipping')
[embed] mipod_alpha0p03
/Library/Frameworks/Python.framework/Versions/3.11/lib/python3.11/site-packages/conseal/mipod/_defs.py:79: UserWarning: invalid variance in flat areas, clipping
  warnings.warn('invalid variance in flat areas, clipping')
/Library/Frameworks/Python.framework/Versions/3.11/lib/python3.11/site-packages/conseal/mipod/_defs.py:79: UserWarning: invalid variance in flat areas, clipping
  warnings.warn('invalid variance in flat areas, clipping')
/Library/Frameworks/Python.framework/Versions/3.11/lib/python3.11/site-packages/conseal/mipod/_defs.py:79: UserWarning: invalid variance in flat areas, clipping
  warnings.warn('invalid variance in flat areas, clipping')
/Library/Frameworks/Python.framework/Versions/3.11/lib/python3.11/site-packages/conseal/mipod/_defs.py:79: UserWarning: invalid variance in flat areas, clipping
  warnings.warn('invalid variance in flat areas, clipping')
/Library/Frameworks/Python.framework/Versions/3.11/lib/python3.11/site-packages/conseal/mipod/_defs.py:79: UserWarning: invalid variance in flat areas, clipping
  warnings.warn('invalid variance in flat areas, clipping')
/Library/Frameworks/Python.framework/Versions/3.11/lib/python3.11/site-packages/conseal/mipod/_defs.py:79: UserWarning: invalid variance in flat areas, clipping
  warnings.warn('invalid variance in flat areas, clipping')
/Library/Frameworks/Python.framework/Versions/3.11/lib/python3.11/site-packages/conseal/mipod/_defs.py:79: UserWarning: invalid variance in flat areas, clipping
  warnings.warn('invalid variance in flat areas, clipping')
/Library/Frameworks/Python.framework/Versions/3.11/lib/python3.11/site-packages/conseal/mipod/_defs.py:79: UserWarning: invalid variance in flat areas, clipping
  warnings.warn('invalid variance in flat areas, clipping')
[embed] mipod_alpha0p05
/Library/Frameworks/Python.framework/Versions/3.11/lib/python3.11/site-packages/conseal/mipod/_defs.py:79: UserWarning: invalid variance in flat areas, clipping
  warnings.warn('invalid variance in flat areas, clipping')
/Library/Frameworks/Python.framework/Versions/3.11/lib/python3.11/site-packages/conseal/mipod/_defs.py:79: UserWarning: invalid variance in flat areas, clipping
  warnings.warn('invalid variance in flat areas, clipping')
/Library/Frameworks/Python.framework/Versions/3.11/lib/python3.11/site-packages/conseal/mipod/_defs.py:79: UserWarning: invalid variance in flat areas, clipping
  warnings.warn('invalid variance in flat areas, clipping')
/Library/Frameworks/Python.framework/Versions/3.11/lib/python3.11/site-packages/conseal/mipod/_defs.py:79: UserWarning: invalid variance in flat areas, clipping
  warnings.warn('invalid variance in flat areas, clipping')
/Library/Frameworks/Python.framework/Versions/3.11/lib/python3.11/site-packages/conseal/mipod/_defs.py:79: UserWarning: invalid variance in flat areas, clipping
  warnings.warn('invalid variance in flat areas, clipping')
/Library/Frameworks/Python.framework/Versions/3.11/lib/python3.11/site-packages/conseal/mipod/_defs.py:79: UserWarning: invalid variance in flat areas, clipping
  warnings.warn('invalid variance in flat areas, clipping')
/Library/Frameworks/Python.framework/Versions/3.11/lib/python3.11/site-packages/conseal/mipod/_defs.py:79: UserWarning: invalid variance in flat areas, clipping
  warnings.warn('invalid variance in flat areas, clipping')
/Library/Frameworks/Python.framework/Versions/3.11/lib/python3.11/site-packages/conseal/mipod/_defs.py:79: UserWarning: invalid variance in flat areas, clipping
  warnings.warn('invalid variance in flat areas, clipping')
[embed] mipod_alpha0p1
/Library/Frameworks/Python.framework/Versions/3.11/lib/python3.11/site-packages/conseal/mipod/_defs.py:79: UserWarning: invalid variance in flat areas, clipping
  warnings.warn('invalid variance in flat areas, clipping')
/Library/Frameworks/Python.framework/Versions/3.11/lib/python3.11/site-packages/conseal/mipod/_defs.py:79: UserWarning: invalid variance in flat areas, clipping
  warnings.warn('invalid variance in flat areas, clipping')
/Library/Frameworks/Python.framework/Versions/3.11/lib/python3.11/site-packages/conseal/mipod/_defs.py:79: UserWarning: invalid variance in flat areas, clipping
  warnings.warn('invalid variance in flat areas, clipping')
/Library/Frameworks/Python.framework/Versions/3.11/lib/python3.11/site-packages/conseal/mipod/_defs.py:79: UserWarning: invalid variance in flat areas, clipping
  warnings.warn('invalid variance in flat areas, clipping')
/Library/Frameworks/Python.framework/Versions/3.11/lib/python3.11/site-packages/conseal/mipod/_defs.py:79: UserWarning: invalid variance in flat areas, clipping
  warnings.warn('invalid variance in flat areas, clipping')
/Library/Frameworks/Python.framework/Versions/3.11/lib/python3.11/site-packages/conseal/mipod/_defs.py:79: UserWarning: invalid variance in flat areas, clipping
  warnings.warn('invalid variance in flat areas, clipping')
/Library/Frameworks/Python.framework/Versions/3.11/lib/python3.11/site-packages/conseal/mipod/_defs.py:79: UserWarning: invalid variance in flat areas, clipping
  warnings.warn('invalid variance in flat areas, clipping')
/Library/Frameworks/Python.framework/Versions/3.11/lib/python3.11/site-packages/conseal/mipod/_defs.py:79: UserWarning: invalid variance in flat areas, clipping
  warnings.warn('invalid variance in flat areas, clipping')
[embed] mipod_alpha0p2
/Library/Frameworks/Python.framework/Versions/3.11/lib/python3.11/site-packages/conseal/mipod/_defs.py:79: UserWarning: invalid variance in flat areas, clipping
  warnings.warn('invalid variance in flat areas, clipping')
/Library/Frameworks/Python.framework/Versions/3.11/lib/python3.11/site-packages/conseal/mipod/_defs.py:79: UserWarning: invalid variance in flat areas, clipping
  warnings.warn('invalid variance in flat areas, clipping')
/Library/Frameworks/Python.framework/Versions/3.11/lib/python3.11/site-packages/conseal/mipod/_defs.py:79: UserWarning: invalid variance in flat areas, clipping
  warnings.warn('invalid variance in flat areas, clipping')
/Library/Frameworks/Python.framework/Versions/3.11/lib/python3.11/site-packages/conseal/mipod/_defs.py:79: UserWarning: invalid variance in flat areas, clipping
  warnings.warn('invalid variance in flat areas, clipping')
/Library/Frameworks/Python.framework/Versions/3.11/lib/python3.11/site-packages/conseal/mipod/_defs.py:79: UserWarning: invalid variance in flat areas, clipping
  warnings.warn('invalid variance in flat areas, clipping')
/Library/Frameworks/Python.framework/Versions/3.11/lib/python3.11/site-packages/conseal/mipod/_defs.py:79: UserWarning: invalid variance in flat areas, clipping
  warnings.warn('invalid variance in flat areas, clipping')
/Library/Frameworks/Python.framework/Versions/3.11/lib/python3.11/site-packages/conseal/mipod/_defs.py:79: UserWarning: invalid variance in flat areas, clipping
  warnings.warn('invalid variance in flat areas, clipping')
/Library/Frameworks/Python.framework/Versions/3.11/lib/python3.11/site-packages/conseal/mipod/_defs.py:79: UserWarning: invalid variance in flat areas, clipping
  warnings.warn('invalid variance in flat areas, clipping')
[embed] mipod_alpha0p5
/Library/Frameworks/Python.framework/Versions/3.11/lib/python3.11/site-packages/conseal/mipod/_defs.py:79: UserWarning: invalid variance in flat areas, clipping
  warnings.warn('invalid variance in flat areas, clipping')
/Library/Frameworks/Python.framework/Versions/3.11/lib/python3.11/site-packages/conseal/mipod/_defs.py:79: UserWarning: invalid variance in flat areas, clipping
  warnings.warn('invalid variance in flat areas, clipping')
/Library/Frameworks/Python.framework/Versions/3.11/lib/python3.11/site-packages/conseal/mipod/_defs.py:79: UserWarning: invalid variance in flat areas, clipping
  warnings.warn('invalid variance in flat areas, clipping')
/Library/Frameworks/Python.framework/Versions/3.11/lib/python3.11/site-packages/conseal/mipod/_defs.py:79: UserWarning: invalid variance in flat areas, clipping
  warnings.warn('invalid variance in flat areas, clipping')
/Library/Frameworks/Python.framework/Versions/3.11/lib/python3.11/site-packages/conseal/mipod/_defs.py:79: UserWarning: invalid variance in flat areas, clipping
  warnings.warn('invalid variance in flat areas, clipping')
/Library/Frameworks/Python.framework/Versions/3.11/lib/python3.11/site-packages/conseal/mipod/_defs.py:79: UserWarning: invalid variance in flat areas, clipping
  warnings.warn('invalid variance in flat areas, clipping')
/Library/Frameworks/Python.framework/Versions/3.11/lib/python3.11/site-packages/conseal/mipod/_defs.py:79: UserWarning: invalid variance in flat areas, clipping
  warnings.warn('invalid variance in flat areas, clipping')
/Library/Frameworks/Python.framework/Versions/3.11/lib/python3.11/site-packages/conseal/mipod/_defs.py:79: UserWarning: invalid variance in flat areas, clipping
  warnings.warn('invalid variance in flat areas, clipping')
[embed] suniward_alpha0p001
[embed] suniward_alpha0p0025
[embed] suniward_alpha0p005
[embed] suniward_alpha0p01
[embed] suniward_alpha0p02
[embed] suniward_alpha0p03
[embed] suniward_alpha0p05
[embed] suniward_alpha0p1
[embed] suniward_alpha0p2
[embed] suniward_alpha0p5
Wrote 270000 raw rows to /Users/pavloyatsura/Documents/phd/blind_steganalysis/experiments/dessert2026/probing_texture_energy/probe_raw.csv
Wrote 270 summary rows to /Users/pavloyatsura/Documents/phd/blind_steganalysis/experiments/dessert2026/probing_texture_energy/probe_summary.csv
[probe_seed] 12345 (configured_fixed)
[embed:skip] hugo_alpha0p001
[embed:skip] hugo_alpha0p0025
[embed:skip] hugo_alpha0p005
[embed:skip] hugo_alpha0p01
[embed:skip] hugo_alpha0p02
[embed:skip] hugo_alpha0p03
[embed:skip] hugo_alpha0p05
[embed:skip] hugo_alpha0p1
[embed:skip] hugo_alpha0p2
[embed:skip] hugo_alpha0p5
[embed:skip] mipod_alpha0p001
[embed:skip] mipod_alpha0p0025
[embed:skip] mipod_alpha0p005
[embed:skip] mipod_alpha0p01
[embed:skip] mipod_alpha0p02
[embed:skip] mipod_alpha0p03
[embed:skip] mipod_alpha0p05
[embed:skip] mipod_alpha0p1
[embed:skip] mipod_alpha0p2
[embed:skip] mipod_alpha0p5
[embed:skip] suniward_alpha0p001
[embed:skip] suniward_alpha0p0025
[embed:skip] suniward_alpha0p005
[embed:skip] suniward_alpha0p01
[embed:skip] suniward_alpha0p02
[embed:skip] suniward_alpha0p03
[embed:skip] suniward_alpha0p05
[embed:skip] suniward_alpha0p1
[embed:skip] suniward_alpha0p2
[embed:skip] suniward_alpha0p5
Wrote 270000 raw rows to /Users/pavloyatsura/Documents/phd/blind_steganalysis/experiments/dessert2026/probing_uniform/probe_raw.csv
Wrote 270 summary rows to /Users/pavloyatsura/Documents/phd/blind_steganalysis/experiments/dessert2026/probing_uniform/probe_summary.csv
[run] hugo_alpha0p001: 1000 images
[run] hugo_alpha0p0025: 1000 images
[run] hugo_alpha0p005: 1000 images
[run] hugo_alpha0p01: 1000 images
[run] hugo_alpha0p02: 1000 images
[run] hugo_alpha0p03: 1000 images
[run] hugo_alpha0p05: 1000 images
[run] hugo_alpha0p1: 1000 images
[run] hugo_alpha0p2: 1000 images
[run] hugo_alpha0p5: 1000 images
[run] mipod_alpha0p001: 1000 images
[run] mipod_alpha0p0025: 1000 images
[run] mipod_alpha0p005: 1000 images
[run] mipod_alpha0p01: 1000 images
[run] mipod_alpha0p02: 1000 images
[run] mipod_alpha0p03: 1000 images
[run] mipod_alpha0p05: 1000 images
[run] mipod_alpha0p1: 1000 images
[run] mipod_alpha0p2: 1000 images
[run] mipod_alpha0p5: 1000 images
[run] suniward_alpha0p001: 1000 images
[run] suniward_alpha0p0025: 1000 images
[run] suniward_alpha0p005: 1000 images
[run] suniward_alpha0p01: 1000 images
[run] suniward_alpha0p02: 1000 images
[run] suniward_alpha0p03: 1000 images
[run] suniward_alpha0p05: 1000 images
[run] suniward_alpha0p1: 1000 images
[run] suniward_alpha0p2: 1000 images
[run] suniward_alpha0p5: 1000 images

Wrote 480000 per-image rows and 480 summary rows to /Users/pavloyatsura/Documents/phd/blind_steganalysis/experiments/dessert2026/benchmark
Wrote 1050 rows to experiments/dessert2026/paired_tests/paired_tests.csv
exit=0
Пн 21 вер. 2026 02:52:54 EEST
